#-----------------------------------------------------------
# Vivado v2017.4 (64-bit)
# SW Build 2086221 on Fri Dec 15 20:55:39 MST 2017
# IP Build 2085800 on Fri Dec 15 22:25:07 MST 2017
# Start of session at: Tue Apr 17 17:31:50 2018
# Process ID: 5568
# Current directory: C:/Users/gerke/workspace/RAT_pipeline
# Command line: vivado.exe -gui_launcher_event rodinguilauncherevent532 C:\Users\gerke\workspace\RAT_pipeline\RAT_pipeline.xpr
# Log file: C:/Users/gerke/workspace/RAT_pipeline/vivado.log
# Journal file: C:/Users/gerke/workspace/RAT_pipeline\vivado.jou
#-----------------------------------------------------------
start_gui
open_project C:/Users/gerke/workspace/RAT_pipeline/RAT_pipeline.xpr
update_compile_order -fileset sources_1
reset_run synth_1
launch_runs impl_1 -to_step write_bitstream -jobs 2
wait_on_run impl_1
open_hw
connect_hw_server
open_hw_target
set_property PROGRAM.FILE {C:/Users/gerke/workspace/RAT_pipeline/RAT_pipeline.runs/impl_1/SYS_WRAPPER.bit} [get_hw_devices xc7a35t_0]
current_hw_device [get_hw_devices xc7a35t_0]
refresh_hw_device -update_hw_probes false [lindex [get_hw_devices xc7a35t_0] 0]
set_property PROBES.FILE {} [get_hw_devices xc7a35t_0]
set_property FULL_PROBES.FILE {} [get_hw_devices xc7a35t_0]
set_property PROGRAM.FILE {C:/Users/gerke/workspace/RAT_pipeline/RAT_pipeline.runs/impl_1/SYS_WRAPPER.bit} [get_hw_devices xc7a35t_0]
program_hw_devices [get_hw_devices xc7a35t_0]
refresh_hw_device [lindex [get_hw_devices xc7a35t_0] 0]
close_hw
